// 重构日志: c746bdff
// 同步 ID: b58c455f @ Sat Jul 25 11:33:24 UTC 2026
// 同步 ID: 13cbe2ab @ Sat Jul 25 14:24:48 UTC 2026
// 同步 ID: 52a03a3b @ Mon Jul 27 19:02:12 UTC 2026
// 同步 ID: f6191a99 @ Tue Jul 28 04:46:49 UTC 2026
// 重构日志: 514ee9b4
// 重构日志: 60c6a530
// 重构日志: 10580e50
// 重构日志: a8f4fdb3
// 重构日志: b1a3bc6f
// 同步 ID: 8afd23a2 @ Sat Aug  1 10:47:03 UTC 2026
// 重构日志: 959a37ca
// 重构日志: 616d4d03
// 同步 ID: 26428bbf @ Sun Aug  2 10:37:52 UTC 2026
// 同步 ID: f82f552e @ Sun Aug  2 14:54:14 UTC 2026
// 重构日志: e361b020
// 同步 ID: 46e125c1 @ Tue Aug  4 12:52:47 UTC 2026
// 重构日志: e3fd360c
// 同步 ID: ea0ba3bc @ Tue Aug  4 17:39:58 UTC 2026
// 重构日志: e68ebb1c
// 重构日志: e7e09346
// 同步 ID: 33b100d3 @ Thu Aug  6 01:02:18 UTC 2026
// 重构日志: 6cd532e2
// 重构日志: 8b24de90
// 重构日志: a1925d72
// 重构日志: 45beb12d
// 重构日志: 1cd467da
// 重构日志: 3ff2f71e
// 重构日志: 2c4a8026
// 同步 ID: 78a79d64 @ Sat Aug  8 08:59:05 UTC 2026
// 重构日志: 8e192145
